Making the wall green at Fri May  8 16:57:56 UTC 2026 - Attempt 1 - Random: 1214
Making the wall green at Fri May  8 17:03:21 UTC 2026 - Attempt 1 - Random: 1143
Making the wall green at Fri May  8 17:03:23 UTC 2026 - Attempt 2 - Random: 27021
Making the wall green at Fri May  8 17:03:25 UTC 2026 - Attempt 3 - Random: 16845
Making the wall green at Fri May  8 17:03:27 UTC 2026 - Attempt 4 - Random: 26878
Making the wall green at Fri May  8 17:03:29 UTC 2026 - Attempt 5 - Random: 4570
Making the wall green at Fri May  8 17:10:44 UTC 2026 - Attempt 1 - Random: 26115
Making the wall green at Fri May  8 17:10:46 UTC 2026 - Attempt 2 - Random: 10565
Making the wall green at Fri May  8 17:10:48 UTC 2026 - Attempt 3 - Random: 3289
Making the wall green at Sat May  9 00:22:29 UTC 2026 - Attempt 1 - Random: 14437
Making the wall green at Sat May  9 00:22:31 UTC 2026 - Attempt 2 - Random: 5801
Making the wall green at Sat May  9 00:22:33 UTC 2026 - Attempt 3 - Random: 4724
Making the wall green at Sat May  9 00:22:35 UTC 2026 - Attempt 4 - Random: 31733
Making the wall green at Sat May  9 00:22:36 UTC 2026 - Attempt 5 - Random: 22875
Making the wall green at Sat May  9 16:48:44 UTC 2026 - Attempt 1 - Random: 23177
Making the wall green at Sun May 10 16:49:19 UTC 2026 - Attempt 1 - Random: 18915
Making the wall green at Sun May 10 16:49:21 UTC 2026 - Attempt 2 - Random: 8523
Making the wall green at Sun May 10 16:49:23 UTC 2026 - Attempt 3 - Random: 15745
Making the wall green at Mon May 11 17:51:43 UTC 2026 - Attempt 1 - Random: 26387
Making the wall green at Mon May 11 17:51:45 UTC 2026 - Attempt 2 - Random: 28322
Making the wall green at Mon May 11 17:51:47 UTC 2026 - Attempt 3 - Random: 29012
Making the wall green at Mon May 11 17:51:49 UTC 2026 - Attempt 4 - Random: 31539
Making the wall green at Mon May 11 17:51:50 UTC 2026 - Attempt 5 - Random: 14444
Making the wall green at Tue May 12 17:55:51 UTC 2026 - Attempt 1 - Random: 9260
Making the wall green at Tue May 12 17:55:53 UTC 2026 - Attempt 2 - Random: 21326
Making the wall green at Wed May 13 17:58:14 UTC 2026 - Attempt 1 - Random: 13586
Making the wall green at Wed May 13 17:58:16 UTC 2026 - Attempt 2 - Random: 19902
Making the wall green at Thu May 14 17:45:48 UTC 2026 - Attempt 1 - Random: 13048
Making the wall green at Fri May 15 17:24:21 UTC 2026 - Attempt 1 - Random: 3411
Making the wall green at Fri May 15 17:24:23 UTC 2026 - Attempt 2 - Random: 28180
Making the wall green at Fri May 15 17:24:25 UTC 2026 - Attempt 3 - Random: 6928
Making the wall green at Sat May 16 16:54:23 UTC 2026 - Attempt 1 - Random: 14908
Making the wall green at Sat May 16 16:54:25 UTC 2026 - Attempt 2 - Random: 12532
Making the wall green at Sat May 16 16:54:27 UTC 2026 - Attempt 3 - Random: 12420
Making the wall green at Sun May 17 16:53:06 UTC 2026 - Attempt 1 - Random: 20241
Making the wall green at Sun May 17 16:53:08 UTC 2026 - Attempt 2 - Random: 38
Making the wall green at Sun May 17 16:53:09 UTC 2026 - Attempt 3 - Random: 10027
Making the wall green at Mon May 18 18:01:17 UTC 2026 - Attempt 1 - Random: 25648
Making the wall green at Tue May 19 18:01:20 UTC 2026 - Attempt 1 - Random: 4803
Making the wall green at Tue May 19 18:01:22 UTC 2026 - Attempt 2 - Random: 27793
Making the wall green at Tue May 19 18:01:24 UTC 2026 - Attempt 3 - Random: 23601
Making the wall green at Tue May 19 18:01:27 UTC 2026 - Attempt 4 - Random: 9732
Making the wall green at Tue May 19 18:01:29 UTC 2026 - Attempt 5 - Random: 21285
Making the wall green at Wed May 20 18:13:16 UTC 2026 - Attempt 1 - Random: 6307
Making the wall green at Wed May 20 18:13:19 UTC 2026 - Attempt 2 - Random: 30380
Making the wall green at Wed May 20 18:13:21 UTC 2026 - Attempt 3 - Random: 11120
Making the wall green at Thu May 21 17:53:44 UTC 2026 - Attempt 1 - Random: 31106
Making the wall green at Thu May 21 17:53:46 UTC 2026 - Attempt 2 - Random: 16864
Making the wall green at Thu May 21 17:53:48 UTC 2026 - Attempt 3 - Random: 8677
Making the wall green at Thu May 21 17:53:50 UTC 2026 - Attempt 4 - Random: 22675
Making the wall green at Fri May 22 17:48:23 UTC 2026 - Attempt 1 - Random: 30803
Making the wall green at Sat May 23 16:55:21 UTC 2026 - Attempt 1 - Random: 11419
Making the wall green at Sun May 24 16:56:05 UTC 2026 - Attempt 1 - Random: 14589
Making the wall green at Sun May 24 16:56:07 UTC 2026 - Attempt 2 - Random: 12242
Making the wall green at Sun May 24 16:56:09 UTC 2026 - Attempt 3 - Random: 19355
Making the wall green at Sun May 24 16:56:11 UTC 2026 - Attempt 4 - Random: 5778
Making the wall green at Mon May 25 17:39:13 UTC 2026 - Attempt 1 - Random: 529
Making the wall green at Mon May 25 17:39:15 UTC 2026 - Attempt 2 - Random: 10561
Making the wall green at Mon May 25 17:39:17 UTC 2026 - Attempt 3 - Random: 27680
Making the wall green at Tue May 26 18:22:31 UTC 2026 - Attempt 1 - Random: 22564
Making the wall green at Tue May 26 18:22:34 UTC 2026 - Attempt 2 - Random: 8732
Making the wall green at Wed May 27 18:22:33 UTC 2026 - Attempt 1 - Random: 29840
Making the wall green at Wed May 27 18:22:35 UTC 2026 - Attempt 2 - Random: 13172
Making the wall green at Wed May 27 18:22:37 UTC 2026 - Attempt 3 - Random: 4582
Making the wall green at Wed May 27 18:22:39 UTC 2026 - Attempt 4 - Random: 18795
Making the wall green at Thu May 28 18:32:34 UTC 2026 - Attempt 1 - Random: 13761
Making the wall green at Thu May 28 18:32:36 UTC 2026 - Attempt 2 - Random: 2754
Making the wall green at Thu May 28 18:32:38 UTC 2026 - Attempt 3 - Random: 11335
Making the wall green at Thu May 28 18:32:40 UTC 2026 - Attempt 4 - Random: 24343
Making the wall green at Thu May 28 18:32:42 UTC 2026 - Attempt 5 - Random: 18485
Making the wall green at Fri May 29 18:29:04 UTC 2026 - Attempt 1 - Random: 10181
Making the wall green at Fri May 29 18:29:07 UTC 2026 - Attempt 2 - Random: 11803
Making the wall green at Fri May 29 18:29:09 UTC 2026 - Attempt 3 - Random: 17627
Making the wall green at Fri May 29 18:29:11 UTC 2026 - Attempt 4 - Random: 19299
Making the wall green at Sat May 30 16:57:24 UTC 2026 - Attempt 1 - Random: 26568
Making the wall green at Sat May 30 16:57:26 UTC 2026 - Attempt 2 - Random: 9167
Making the wall green at Sat May 30 16:57:28 UTC 2026 - Attempt 3 - Random: 11678
Making the wall green at Sun May 31 17:01:20 UTC 2026 - Attempt 1 - Random: 1442
Making the wall green at Sun May 31 17:01:22 UTC 2026 - Attempt 2 - Random: 22219
Making the wall green at Sun May 31 17:01:24 UTC 2026 - Attempt 3 - Random: 21295
Making the wall green at Sun May 31 17:01:26 UTC 2026 - Attempt 4 - Random: 26531
Making the wall green at Sun May 31 17:01:28 UTC 2026 - Attempt 5 - Random: 2406
Making the wall green at Mon Jun  1 20:13:05 UTC 2026 - Attempt 1 - Random: 6593
Making the wall green at Mon Jun  1 20:13:07 UTC 2026 - Attempt 2 - Random: 20844
Making the wall green at Mon Jun  1 20:13:09 UTC 2026 - Attempt 3 - Random: 11225
Making the wall green at Tue Jun  2 19:38:17 UTC 2026 - Attempt 1 - Random: 22156
Making the wall green at Tue Jun  2 19:38:19 UTC 2026 - Attempt 2 - Random: 29157
Making the wall green at Wed Jun  3 19:44:41 UTC 2026 - Attempt 1 - Random: 21830
Making the wall green at Wed Jun  3 19:44:43 UTC 2026 - Attempt 2 - Random: 17100
Making the wall green at Wed Jun  3 19:44:45 UTC 2026 - Attempt 3 - Random: 23114
Making the wall green at Wed Jun  3 19:44:47 UTC 2026 - Attempt 4 - Random: 19102
Making the wall green at Wed Jun  3 19:44:49 UTC 2026 - Attempt 5 - Random: 19837
Making the wall green at Thu Jun  4 18:11:52 UTC 2026 - Attempt 1 - Random: 17784
Making the wall green at Thu Jun  4 18:11:54 UTC 2026 - Attempt 2 - Random: 11924
Making the wall green at Thu Jun  4 18:11:56 UTC 2026 - Attempt 3 - Random: 1863
Making the wall green at Fri Jun  5 17:49:43 UTC 2026 - Attempt 1 - Random: 16005
Making the wall green at Fri Jun  5 17:49:45 UTC 2026 - Attempt 2 - Random: 31000
Making the wall green at Fri Jun  5 17:49:47 UTC 2026 - Attempt 3 - Random: 7607
Making the wall green at Fri Jun  5 17:49:49 UTC 2026 - Attempt 4 - Random: 25787
Making the wall green at Fri Jun  5 17:49:51 UTC 2026 - Attempt 5 - Random: 30906
Making the wall green at Sat Jun  6 17:06:24 UTC 2026 - Attempt 1 - Random: 7851
Making the wall green at Sat Jun  6 17:06:26 UTC 2026 - Attempt 2 - Random: 4469
Making the wall green at Sun Jun  7 17:10:14 UTC 2026 - Attempt 1 - Random: 17809
Making the wall green at Sun Jun  7 17:10:16 UTC 2026 - Attempt 2 - Random: 24500
Making the wall green at Mon Jun  8 18:22:32 UTC 2026 - Attempt 1 - Random: 4734
Making the wall green at Mon Jun  8 18:22:34 UTC 2026 - Attempt 2 - Random: 1656
Making the wall green at Mon Jun  8 18:22:36 UTC 2026 - Attempt 3 - Random: 18207
Making the wall green at Mon Jun  8 18:22:38 UTC 2026 - Attempt 4 - Random: 22525
Making the wall green at Mon Jun  8 18:22:40 UTC 2026 - Attempt 5 - Random: 10545
Making the wall green at Tue Jun  9 17:57:19 UTC 2026 - Attempt 1 - Random: 2878
Making the wall green at Tue Jun  9 17:57:21 UTC 2026 - Attempt 2 - Random: 4579
Making the wall green at Tue Jun  9 17:57:23 UTC 2026 - Attempt 3 - Random: 5373
Making the wall green at Wed Jun 10 18:27:36 UTC 2026 - Attempt 1 - Random: 19396
Making the wall green at Wed Jun 10 18:27:38 UTC 2026 - Attempt 2 - Random: 30540
Making the wall green at Wed Jun 10 18:27:40 UTC 2026 - Attempt 3 - Random: 17370
Making the wall green at Wed Jun 10 18:27:42 UTC 2026 - Attempt 4 - Random: 23954
Making the wall green at Thu Jun 11 18:44:04 UTC 2026 - Attempt 1 - Random: 10714
Making the wall green at Thu Jun 11 18:44:07 UTC 2026 - Attempt 2 - Random: 564
Making the wall green at Thu Jun 11 18:44:09 UTC 2026 - Attempt 3 - Random: 27272
Making the wall green at Fri Jun 12 18:02:26 UTC 2026 - Attempt 1 - Random: 19319
Making the wall green at Fri Jun 12 18:02:29 UTC 2026 - Attempt 2 - Random: 11122
Making the wall green at Sat Jun 13 17:17:58 UTC 2026 - Attempt 1 - Random: 2142
Making the wall green at Sat Jun 13 17:17:59 UTC 2026 - Attempt 2 - Random: 2850
Making the wall green at Sun Jun 14 17:15:38 UTC 2026 - Attempt 1 - Random: 11165
Making the wall green at Sun Jun 14 17:15:40 UTC 2026 - Attempt 2 - Random: 10079
Making the wall green at Mon Jun 15 19:43:13 UTC 2026 - Attempt 1 - Random: 14480
Making the wall green at Mon Jun 15 19:43:15 UTC 2026 - Attempt 2 - Random: 11594
Making the wall green at Mon Jun 15 19:43:17 UTC 2026 - Attempt 3 - Random: 9549
Making the wall green at Tue Jun 16 19:30:39 UTC 2026 - Attempt 1 - Random: 24630
Making the wall green at Wed Jun 17 18:11:13 UTC 2026 - Attempt 1 - Random: 497
Making the wall green at Wed Jun 17 18:11:15 UTC 2026 - Attempt 2 - Random: 744
Making the wall green at Wed Jun 17 18:11:17 UTC 2026 - Attempt 3 - Random: 4963
Making the wall green at Wed Jun 17 18:11:19 UTC 2026 - Attempt 4 - Random: 29408
Making the wall green at Thu Jun 18 18:23:19 UTC 2026 - Attempt 1 - Random: 27207
Making the wall green at Thu Jun 18 18:23:21 UTC 2026 - Attempt 2 - Random: 21146
Making the wall green at Thu Jun 18 18:23:23 UTC 2026 - Attempt 3 - Random: 20475
Making the wall green at Thu Jun 18 18:23:25 UTC 2026 - Attempt 4 - Random: 28682
Making the wall green at Thu Jun 18 18:23:27 UTC 2026 - Attempt 5 - Random: 15630
Making the wall green at Fri Jun 19 17:51:37 UTC 2026 - Attempt 1 - Random: 17393
Making the wall green at Fri Jun 19 17:51:40 UTC 2026 - Attempt 2 - Random: 5830
Making the wall green at Fri Jun 19 17:51:42 UTC 2026 - Attempt 3 - Random: 16141
Making the wall green at Fri Jun 19 17:51:44 UTC 2026 - Attempt 4 - Random: 3752
Making the wall green at Fri Jun 19 17:51:45 UTC 2026 - Attempt 5 - Random: 23735
Making the wall green at Sat Jun 20 17:21:13 UTC 2026 - Attempt 1 - Random: 16769
Making the wall green at Sat Jun 20 17:21:15 UTC 2026 - Attempt 2 - Random: 15017
Making the wall green at Sat Jun 20 17:21:17 UTC 2026 - Attempt 3 - Random: 32569
Making the wall green at Sat Jun 20 17:21:19 UTC 2026 - Attempt 4 - Random: 21225
Making the wall green at Sat Jun 20 17:21:20 UTC 2026 - Attempt 5 - Random: 21479
Making the wall green at Sun Jun 21 17:24:06 UTC 2026 - Attempt 1 - Random: 2455
Making the wall green at Sun Jun 21 17:24:08 UTC 2026 - Attempt 2 - Random: 24962
Making the wall green at Sun Jun 21 17:24:10 UTC 2026 - Attempt 3 - Random: 4442
Making the wall green at Mon Jun 22 19:21:38 UTC 2026 - Attempt 1 - Random: 26556
Making the wall green at Tue Jun 23 17:48:02 UTC 2026 - Attempt 1 - Random: 31828
Making the wall green at Wed Jun 24 17:50:10 UTC 2026 - Attempt 1 - Random: 16812
Making the wall green at Wed Jun 24 17:50:12 UTC 2026 - Attempt 2 - Random: 23940
Making the wall green at Wed Jun 24 17:50:14 UTC 2026 - Attempt 3 - Random: 15819
Making the wall green at Wed Jun 24 17:50:16 UTC 2026 - Attempt 4 - Random: 13356
Making the wall green at Wed Jun 24 17:50:18 UTC 2026 - Attempt 5 - Random: 29687
Making the wall green at Thu Jun 25 18:06:20 UTC 2026 - Attempt 1 - Random: 14882
Making the wall green at Fri Jun 26 17:43:02 UTC 2026 - Attempt 1 - Random: 25818
Making the wall green at Fri Jun 26 17:43:04 UTC 2026 - Attempt 2 - Random: 9225
Making the wall green at Fri Jun 26 17:43:06 UTC 2026 - Attempt 3 - Random: 24391
Making the wall green at Sat Jun 27 17:04:31 UTC 2026 - Attempt 1 - Random: 1772
Making the wall green at Sun Jun 28 17:03:22 UTC 2026 - Attempt 1 - Random: 640
Making the wall green at Mon Jun 29 18:05:30 UTC 2026 - Attempt 1 - Random: 19493
Making the wall green at Mon Jun 29 18:05:32 UTC 2026 - Attempt 2 - Random: 31618
Making the wall green at Tue Jun 30 17:48:52 UTC 2026 - Attempt 1 - Random: 2491
Making the wall green at Tue Jun 30 17:48:54 UTC 2026 - Attempt 2 - Random: 2079
Making the wall green at Tue Jun 30 17:48:56 UTC 2026 - Attempt 3 - Random: 27092
Making the wall green at Tue Jun 30 17:48:58 UTC 2026 - Attempt 4 - Random: 11314
Making the wall green at Wed Jul  1 17:50:32 UTC 2026 - Attempt 1 - Random: 3639
Making the wall green at Wed Jul  1 17:50:34 UTC 2026 - Attempt 2 - Random: 3344
Making the wall green at Wed Jul  1 17:50:36 UTC 2026 - Attempt 3 - Random: 2073
Making the wall green at Wed Jul  1 17:50:38 UTC 2026 - Attempt 4 - Random: 1934
Making the wall green at Thu Jul  2 17:41:16 UTC 2026 - Attempt 1 - Random: 17599
Making the wall green at Fri Jul  3 17:19:30 UTC 2026 - Attempt 1 - Random: 6354
Making the wall green at Fri Jul  3 17:19:32 UTC 2026 - Attempt 2 - Random: 16971
Making the wall green at Fri Jul  3 17:19:34 UTC 2026 - Attempt 3 - Random: 18133
Making the wall green at Fri Jul  3 17:19:36 UTC 2026 - Attempt 4 - Random: 10094
Making the wall green at Fri Jul  3 17:19:37 UTC 2026 - Attempt 5 - Random: 23435
Making the wall green at Sat Jul  4 16:58:59 UTC 2026 - Attempt 1 - Random: 5817
Making the wall green at Sat Jul  4 16:59:01 UTC 2026 - Attempt 2 - Random: 3458
Making the wall green at Sat Jul  4 16:59:03 UTC 2026 - Attempt 3 - Random: 11551
Making the wall green at Sat Jul  4 16:59:05 UTC 2026 - Attempt 4 - Random: 11688
Making the wall green at Sat Jul  4 16:59:07 UTC 2026 - Attempt 5 - Random: 32742
Making the wall green at Sun Jul  5 17:03:25 UTC 2026 - Attempt 1 - Random: 21139
Making the wall green at Sun Jul  5 17:03:27 UTC 2026 - Attempt 2 - Random: 23366
Making the wall green at Sun Jul  5 17:03:28 UTC 2026 - Attempt 3 - Random: 13563
Making the wall green at Mon Jul  6 18:07:19 UTC 2026 - Attempt 1 - Random: 31348
Making the wall green at Tue Jul  7 17:54:46 UTC 2026 - Attempt 1 - Random: 14704
Making the wall green at Tue Jul  7 17:54:48 UTC 2026 - Attempt 2 - Random: 5537
Making the wall green at Tue Jul  7 17:54:49 UTC 2026 - Attempt 3 - Random: 5222
Making the wall green at Tue Jul  7 17:54:51 UTC 2026 - Attempt 4 - Random: 7929
Making the wall green at Wed Jul  8 17:24:32 UTC 2026 - Attempt 1 - Random: 4500
Making the wall green at Wed Jul  8 17:24:34 UTC 2026 - Attempt 2 - Random: 24847
Making the wall green at Thu Jul  9 17:50:58 UTC 2026 - Attempt 1 - Random: 22374
Making the wall green at Thu Jul  9 17:51:00 UTC 2026 - Attempt 2 - Random: 7715
Making the wall green at Thu Jul  9 17:51:02 UTC 2026 - Attempt 3 - Random: 18741
Making the wall green at Thu Jul  9 17:51:04 UTC 2026 - Attempt 4 - Random: 2520
Making the wall green at Thu Jul  9 17:51:06 UTC 2026 - Attempt 5 - Random: 6385
Making the wall green at Fri Jul 10 17:43:26 UTC 2026 - Attempt 1 - Random: 9779
Making the wall green at Fri Jul 10 17:43:29 UTC 2026 - Attempt 2 - Random: 16087
Making the wall green at Fri Jul 10 17:43:31 UTC 2026 - Attempt 3 - Random: 31873
Making the wall green at Fri Jul 10 17:43:33 UTC 2026 - Attempt 4 - Random: 1236
Making the wall green at Fri Jul 10 17:43:35 UTC 2026 - Attempt 5 - Random: 337
Making the wall green at Sat Jul 11 16:51:07 UTC 2026 - Attempt 1 - Random: 20533
Making the wall green at Sat Jul 11 16:51:09 UTC 2026 - Attempt 2 - Random: 8969
Making the wall green at Sat Jul 11 16:51:11 UTC 2026 - Attempt 3 - Random: 16487
Making the wall green at Sat Jul 11 16:51:13 UTC 2026 - Attempt 4 - Random: 14295
Making the wall green at Sat Jul 11 16:51:15 UTC 2026 - Attempt 5 - Random: 23539
Making the wall green at Sun Jul 12 16:54:06 UTC 2026 - Attempt 1 - Random: 22708
Making the wall green at Sun Jul 12 16:54:08 UTC 2026 - Attempt 2 - Random: 17173
Making the wall green at Sun Jul 12 16:54:10 UTC 2026 - Attempt 3 - Random: 17603
Making the wall green at Sun Jul 12 16:54:12 UTC 2026 - Attempt 4 - Random: 2875
Making the wall green at Mon Jul 13 17:50:55 UTC 2026 - Attempt 1 - Random: 16199
Making the wall green at Mon Jul 13 17:50:57 UTC 2026 - Attempt 2 - Random: 3088
Making the wall green at Tue Jul 14 17:08:51 UTC 2026 - Attempt 1 - Random: 575
Making the wall green at Tue Jul 14 17:08:53 UTC 2026 - Attempt 2 - Random: 19858
Making the wall green at Tue Jul 14 17:08:55 UTC 2026 - Attempt 3 - Random: 13194
Making the wall green at Tue Jul 14 17:08:56 UTC 2026 - Attempt 4 - Random: 10996
Making the wall green at Tue Jul 14 17:08:58 UTC 2026 - Attempt 5 - Random: 26351
Making the wall green at Wed Jul 15 17:12:04 UTC 2026 - Attempt 1 - Random: 18000
Making the wall green at Wed Jul 15 17:12:07 UTC 2026 - Attempt 2 - Random: 16228
Making the wall green at Thu Jul 16 17:09:26 UTC 2026 - Attempt 1 - Random: 1750
Making the wall green at Fri Jul 17 17:06:24 UTC 2026 - Attempt 1 - Random: 5045
Making the wall green at Fri Jul 17 17:06:26 UTC 2026 - Attempt 2 - Random: 3894
Making the wall green at Sat Jul 18 16:51:33 UTC 2026 - Attempt 1 - Random: 16353
Making the wall green at Sun Jul 19 16:52:16 UTC 2026 - Attempt 1 - Random: 30967
Making the wall green at Sun Jul 19 16:52:18 UTC 2026 - Attempt 2 - Random: 10776
Making the wall green at Mon Jul 20 17:55:16 UTC 2026 - Attempt 1 - Random: 3613
Making the wall green at Mon Jul 20 17:55:18 UTC 2026 - Attempt 2 - Random: 15391
Making the wall green at Tue Jul 21 17:11:49 UTC 2026 - Attempt 1 - Random: 14957
Making the wall green at Tue Jul 21 17:11:51 UTC 2026 - Attempt 2 - Random: 7932
Making the wall green at Tue Jul 21 17:11:53 UTC 2026 - Attempt 3 - Random: 23941
Making the wall green at Tue Jul 21 17:11:56 UTC 2026 - Attempt 4 - Random: 29790
Making the wall green at Tue Jul 21 17:11:58 UTC 2026 - Attempt 5 - Random: 12793
Making the wall green at Wed Jul 22 17:10:56 UTC 2026 - Attempt 1 - Random: 252
Making the wall green at Wed Jul 22 17:10:58 UTC 2026 - Attempt 2 - Random: 18982
Making the wall green at Wed Jul 22 17:11:00 UTC 2026 - Attempt 3 - Random: 29666
Making the wall green at Wed Jul 22 17:11:02 UTC 2026 - Attempt 4 - Random: 12664
Making the wall green at Wed Jul 22 17:11:04 UTC 2026 - Attempt 5 - Random: 19899
Making the wall green at Thu Jul 23 17:14:50 UTC 2026 - Attempt 1 - Random: 22666
Making the wall green at Thu Jul 23 17:14:53 UTC 2026 - Attempt 2 - Random: 31741
Making the wall green at Thu Jul 23 17:14:55 UTC 2026 - Attempt 3 - Random: 29559
Making the wall green at Thu Jul 23 17:14:57 UTC 2026 - Attempt 4 - Random: 28094
Making the wall green at Thu Jul 23 17:14:59 UTC 2026 - Attempt 5 - Random: 3026
Making the wall green at Fri Jul 24 17:24:41 UTC 2026 - Attempt 1 - Random: 3583
Making the wall green at Sat Jul 25 16:51:28 UTC 2026 - Attempt 1 - Random: 28631
Making the wall green at Sun Jul 26 16:53:15 UTC 2026 - Attempt 1 - Random: 24533
Making the wall green at Sun Jul 26 16:53:17 UTC 2026 - Attempt 2 - Random: 15150
Making the wall green at Sun Jul 26 16:53:19 UTC 2026 - Attempt 3 - Random: 1093
Making the wall green at Sun Jul 26 16:53:21 UTC 2026 - Attempt 4 - Random: 461
Making the wall green at Mon Jul 27 17:38:15 UTC 2026 - Attempt 1 - Random: 27972
Making the wall green at Mon Jul 27 17:38:17 UTC 2026 - Attempt 2 - Random: 20747
Making the wall green at Mon Jul 27 17:38:19 UTC 2026 - Attempt 3 - Random: 19296
Making the wall green at Tue Jul 28 17:22:08 UTC 2026 - Attempt 1 - Random: 25464
Making the wall green at Tue Jul 28 17:22:11 UTC 2026 - Attempt 2 - Random: 2940
Making the wall green at Tue Jul 28 17:22:13 UTC 2026 - Attempt 3 - Random: 8884
Making the wall green at Tue Jul 28 17:22:15 UTC 2026 - Attempt 4 - Random: 1161
Making the wall green at Tue Jul 28 17:22:17 UTC 2026 - Attempt 5 - Random: 28167
Making the wall green at Wed Jul 29 17:09:47 UTC 2026 - Attempt 1 - Random: 3293
Making the wall green at Wed Jul 29 17:09:49 UTC 2026 - Attempt 2 - Random: 5047
Making the wall green at Wed Jul 29 17:09:51 UTC 2026 - Attempt 3 - Random: 20180
Making the wall green at Thu Jul 30 17:20:26 UTC 2026 - Attempt 1 - Random: 19877
Making the wall green at Thu Jul 30 17:20:29 UTC 2026 - Attempt 2 - Random: 912
Making the wall green at Thu Jul 30 17:20:31 UTC 2026 - Attempt 3 - Random: 15750
Making the wall green at Thu Jul 30 17:20:33 UTC 2026 - Attempt 4 - Random: 18466
Making the wall green at Thu Jul 30 17:20:35 UTC 2026 - Attempt 5 - Random: 17374
Making the wall green at Fri Jul 31 17:24:15 UTC 2026 - Attempt 1 - Random: 579
Making the wall green at Fri Jul 31 17:24:17 UTC 2026 - Attempt 2 - Random: 20386
Making the wall green at Fri Jul 31 17:24:19 UTC 2026 - Attempt 3 - Random: 29159
Making the wall green at Fri Jul 31 17:24:22 UTC 2026 - Attempt 4 - Random: 31067
Making the wall green at Fri Jul 31 17:24:24 UTC 2026 - Attempt 5 - Random: 631
Making the wall green at Sat Aug  1 16:54:20 UTC 2026 - Attempt 1 - Random: 10643
Making the wall green at Sat Aug  1 16:54:22 UTC 2026 - Attempt 2 - Random: 27993
Making the wall green at Sun Aug  2 16:53:22 UTC 2026 - Attempt 1 - Random: 29855
Making the wall green at Sun Aug  2 16:53:24 UTC 2026 - Attempt 2 - Random: 21518
Making the wall green at Sun Aug  2 16:53:26 UTC 2026 - Attempt 3 - Random: 10546
Making the wall green at Sun Aug  2 16:53:28 UTC 2026 - Attempt 4 - Random: 19862
Making the wall green at Sun Aug  2 16:53:30 UTC 2026 - Attempt 5 - Random: 29420
Making the wall green at Mon Aug  3 17:46:02 UTC 2026 - Attempt 1 - Random: 16184
Making the wall green at Mon Aug  3 17:46:04 UTC 2026 - Attempt 2 - Random: 18019
Making the wall green at Mon Aug  3 17:46:06 UTC 2026 - Attempt 3 - Random: 15318
Making the wall green at Mon Aug  3 17:46:08 UTC 2026 - Attempt 4 - Random: 19883
Making the wall green at Mon Aug  3 17:46:10 UTC 2026 - Attempt 5 - Random: 8109
Making the wall green at Tue Aug  4 17:40:05 UTC 2026 - Attempt 1 - Random: 23099
Making the wall green at Tue Aug  4 17:40:08 UTC 2026 - Attempt 2 - Random: 22055
Making the wall green at Tue Aug  4 17:40:11 UTC 2026 - Attempt 3 - Random: 18684
Making the wall green at Tue Aug  4 17:40:13 UTC 2026 - Attempt 4 - Random: 17643
Making the wall green at Tue Aug  4 17:40:16 UTC 2026 - Attempt 5 - Random: 17337
Making the wall green at Wed Aug  5 17:24:21 UTC 2026 - Attempt 1 - Random: 8567
Making the wall green at Wed Aug  5 17:24:25 UTC 2026 - Attempt 2 - Random: 4879
Making the wall green at Wed Aug  5 17:24:26 UTC 2026 - Attempt 3 - Random: 15654
Making the wall green at Wed Aug  5 17:24:28 UTC 2026 - Attempt 4 - Random: 11435
Making the wall green at Wed Aug  5 17:24:30 UTC 2026 - Attempt 5 - Random: 4692
Making the wall green at Fri Aug  7 16:47:54 UTC 2026 - Attempt 1 - Random: 24689
Making the wall green at Fri Aug  7 16:47:56 UTC 2026 - Attempt 2 - Random: 8891
Making the wall green at Fri Aug  7 16:47:59 UTC 2026 - Attempt 3 - Random: 21017
Making the wall green at Sat Aug  8 16:25:49 UTC 2026 - Attempt 1 - Random: 18538
Making the wall green at Sat Aug  8 16:25:51 UTC 2026 - Attempt 2 - Random: 11288
Making the wall green at Sat Aug  8 16:25:53 UTC 2026 - Attempt 3 - Random: 9605
Making the wall green at Sat Aug  8 16:25:55 UTC 2026 - Attempt 4 - Random: 12452
Making the wall green at Sat Aug  8 16:25:57 UTC 2026 - Attempt 5 - Random: 7322
Making the wall green at Sun Aug  9 16:27:28 UTC 2026 - Attempt 1 - Random: 2719
Making the wall green at Mon Aug 10 16:48:57 UTC 2026 - Attempt 1 - Random: 13305
Making the wall green at Mon Aug 10 16:49:00 UTC 2026 - Attempt 2 - Random: 12768
Making the wall green at Mon Aug 10 16:49:02 UTC 2026 - Attempt 3 - Random: 32136
Making the wall green at Mon Aug 10 16:49:04 UTC 2026 - Attempt 4 - Random: 31273
Making the wall green at Mon Aug 10 16:49:06 UTC 2026 - Attempt 5 - Random: 4171
Making the wall green at Tue Aug 11 16:53:04 UTC 2026 - Attempt 1 - Random: 5998
Making the wall green at Tue Aug 11 16:53:06 UTC 2026 - Attempt 2 - Random: 2153
Making the wall green at Tue Aug 11 16:53:08 UTC 2026 - Attempt 3 - Random: 9003
Making the wall green at Tue Aug 11 16:53:10 UTC 2026 - Attempt 4 - Random: 25752
Making the wall green at Tue Aug 11 16:53:13 UTC 2026 - Attempt 5 - Random: 1107
Making the wall green at Wed Aug 12 16:52:13 UTC 2026 - Attempt 1 - Random: 31168
Making the wall green at Thu Aug 13 16:51:22 UTC 2026 - Attempt 1 - Random: 19287
Making the wall green at Thu Aug 13 16:51:25 UTC 2026 - Attempt 2 - Random: 28841
Making the wall green at Fri Aug 14 16:48:30 UTC 2026 - Attempt 1 - Random: 22207
Making the wall green at Fri Aug 14 16:48:33 UTC 2026 - Attempt 2 - Random: 26272
Making the wall green at Fri Aug 14 16:48:36 UTC 2026 - Attempt 3 - Random: 3385
Making the wall green at Fri Aug 14 16:48:38 UTC 2026 - Attempt 4 - Random: 1748
Making the wall green at Sat Aug 15 16:17:20 UTC 2026 - Attempt 1 - Random: 25980
Making the wall green at Sat Aug 15 16:17:22 UTC 2026 - Attempt 2 - Random: 23039
Making the wall green at Sat Aug 15 16:17:25 UTC 2026 - Attempt 3 - Random: 22120
Making the wall green at Sun Aug 16 16:17:15 UTC 2026 - Attempt 1 - Random: 29982
Making the wall green at Sun Aug 16 16:17:17 UTC 2026 - Attempt 2 - Random: 1003
Making the wall green at Mon Aug 17 16:20:31 UTC 2026 - Attempt 1 - Random: 12900
Making the wall green at Mon Aug 17 16:20:33 UTC 2026 - Attempt 2 - Random: 24124
Making the wall green at Mon Aug 17 16:20:35 UTC 2026 - Attempt 3 - Random: 18520
Making the wall green at Mon Aug 17 16:20:37 UTC 2026 - Attempt 4 - Random: 18140
Making the wall green at Mon Aug 17 16:20:39 UTC 2026 - Attempt 5 - Random: 30605
Making the wall green at Tue Aug 18 16:24:18 UTC 2026 - Attempt 1 - Random: 9168
Making the wall green at Tue Aug 18 16:24:20 UTC 2026 - Attempt 2 - Random: 18933
Making the wall green at Tue Aug 18 16:24:24 UTC 2026 - Attempt 3 - Random: 1961
Making the wall green at Tue Aug 18 16:24:27 UTC 2026 - Attempt 4 - Random: 6106
Making the wall green at Tue Aug 18 16:24:29 UTC 2026 - Attempt 5 - Random: 4064
Making the wall green at Wed Aug 19 16:24:14 UTC 2026 - Attempt 1 - Random: 15849
Making the wall green at Wed Aug 19 16:24:17 UTC 2026 - Attempt 2 - Random: 3482
Making the wall green at Wed Aug 19 16:24:19 UTC 2026 - Attempt 3 - Random: 28600
Making the wall green at Wed Aug 19 16:24:21 UTC 2026 - Attempt 4 - Random: 9108
Making the wall green at Wed Aug 19 16:24:23 UTC 2026 - Attempt 5 - Random: 22520
Making the wall green at Thu Aug 20 16:27:54 UTC 2026 - Attempt 1 - Random: 2046
Making the wall green at Thu Aug 20 16:27:58 UTC 2026 - Attempt 2 - Random: 20855
Making the wall green at Thu Aug 20 16:28:01 UTC 2026 - Attempt 3 - Random: 5531
Making the wall green at Thu Aug 20 16:28:03 UTC 2026 - Attempt 4 - Random: 18960
Making the wall green at Fri Aug 21 16:25:47 UTC 2026 - Attempt 1 - Random: 12366
Making the wall green at Fri Aug 21 16:25:49 UTC 2026 - Attempt 2 - Random: 14642
Making the wall green at Fri Aug 21 16:25:51 UTC 2026 - Attempt 3 - Random: 8330
Making the wall green at Fri Aug 21 16:25:53 UTC 2026 - Attempt 4 - Random: 19249
Making the wall green at Sat Aug 22 16:17:12 UTC 2026 - Attempt 1 - Random: 7559
Making the wall green at Sat Aug 22 16:17:15 UTC 2026 - Attempt 2 - Random: 6063
Making the wall green at Sat Aug 22 16:17:17 UTC 2026 - Attempt 3 - Random: 17140
Making the wall green at Sat Aug 22 16:17:19 UTC 2026 - Attempt 4 - Random: 1338
Making the wall green at Sun Aug 23 16:17:45 UTC 2026 - Attempt 1 - Random: 25714
Making the wall green at Sun Aug 23 16:17:47 UTC 2026 - Attempt 2 - Random: 28643
Making the wall green at Sun Aug 23 16:17:50 UTC 2026 - Attempt 3 - Random: 15384
Making the wall green at Sun Aug 23 16:17:52 UTC 2026 - Attempt 4 - Random: 15511
Making the wall green at Mon Aug 24 16:29:27 UTC 2026 - Attempt 1 - Random: 23479
Making the wall green at Mon Aug 24 16:29:29 UTC 2026 - Attempt 2 - Random: 26569
Making the wall green at Mon Aug 24 16:29:31 UTC 2026 - Attempt 3 - Random: 17090
Making the wall green at Tue Aug 25 16:29:55 UTC 2026 - Attempt 1 - Random: 17586
Making the wall green at Tue Aug 25 16:29:57 UTC 2026 - Attempt 2 - Random: 15849
Making the wall green at Tue Aug 25 16:30:00 UTC 2026 - Attempt 3 - Random: 24661
Making the wall green at Tue Aug 25 16:30:03 UTC 2026 - Attempt 4 - Random: 1911
Making the wall green at Tue Aug 25 16:30:06 UTC 2026 - Attempt 5 - Random: 32465
